> cl2.request_upd(31949)
= 0
> clrq2.rcvr.recv({val:31949,tx:0})
< headtail.sndr.send({val:31949,tx:0})
> cl1.request_upd(59880)
= 1
> ref.commit(0)
> cl1.request_upd(29283)
= 2
> cl2.request_upd(50377)
= 3
> clrq2.rcvr.recv({val:50377,tx:3})
< headtail.sndr.send({val:50377,tx:3})
> sysout.sndr.send({val:0,tx:0})
> cl1.request_upd(36018)
= 4
> cl1.request_upd(30363)
= 5
> sysout.sndr.send({val:0,tx:0})
> cl1.request_upd(62753)
= 6
> sysout.sndr.send({val:0,tx:0})
> ref.commit(3)
> cl1.request_upd(33342)
= 7
> sysout.sndr.send({val:0,tx:0})
> clrq1.rcvr.recv({val:59880,tx:1})
< headtail.sndr.send({val:59880,tx:1})
> ref.commit(1)
> sysout.sndr.send({val:0,tx:0})
> cl2.request_upd(57002)
= 8
> cl1.request_upd(42281)
= 9
> clrq1.rcvr.recv({val:29283,tx:2})
< headtail.sndr.send({val:29283,tx:2})
> clrq1.rcvr.recv({val:36018,tx:4})
< headtail.sndr.send({val:36018,tx:4})
> ref.commit(2)
> clrq2.rcvr.recv({val:57002,tx:8})
< headtail.sndr.send({val:57002,tx:8})
> ref.commit(4)
> cl1.request_upd(45406)
= 10
> clrq1.rcvr.recv({val:30363,tx:5})
< headtail.sndr.send({val:30363,tx:5})
> sysout.sndr.send({val:0,tx:0})
> sysout.sndr.send({val:40417,tx:4})
> ref.commit(5)
> clrq1.rcvr.recv({val:62753,tx:6})
< headtail.sndr.send({val:62753,tx:6})
> cl1.request_upd(284)
= 11
> sysout.sndr.send({val:0,tx:0})
> sysout.sndr.send({val:0,tx:0})
> ref.commit(6)
> cl2.request_upd(51833)
= 12
> ref.commit(8)
> cl1.request_upd(33399)
= 13
> clrq2.rcvr.recv({val:51833,tx:12})
< headtail.sndr.send({val:51833,tx:12})
> clrq1.rcvr.recv({val:33342,tx:7})
< headtail.sndr.send({val:33342,tx:7})
> cl2.request_upd(44258)
= 14
> clrq2.rcvr.recv({val:44258,tx:14})
< headtail.sndr.send({val:44258,tx:14})
> cl2.request_upd(45012)
= 15
> sysout.sndr.send({val:0,tx:0})
> cl1.request_upd(63164)
= 16
> ref.commit(7)
> clrq2.rcvr.recv({val:45012,tx:15})
< headtail.sndr.send({val:45012,tx:15})
> clrq1.rcvr.recv({val:42281,tx:9})
< headtail.sndr.send({val:42281,tx:9})
> sysout.sndr.send({val:0,tx:0})
> cl2.request_upd(34299)
= 17
> clrq1.rcvr.recv({val:45406,tx:10})
< headtail.sndr.send({val:45406,tx:10})
> ref.commit(9)
> cl1.request_upd(52275)
= 18
> cl2.request_upd(22608)
= 19
> clrq2.rcvr.recv({val:34299,tx:17})
< headtail.sndr.send({val:34299,tx:17})
> cl1.request_upd(63734)
= 20
> clrq1.rcvr.recv({val:284,tx:11})
< headtail.sndr.send({val:284,tx:11})
> clrq1.rcvr.recv({val:33399,tx:13})
< headtail.sndr.send({val:33399,tx:13})
> cl2.request_upd(53029)
= 21
> clrq2.rcvr.recv({val:22608,tx:19})
< headtail.sndr.send({val:22608,tx:19})
> sysout.sndr.send({val:0,tx:0})
> ref.commit(10)
> cl1.request_upd(23529)
= 22
> cl2.request_upd(33107)
= 23
> cl1.request_upd(53970)
= 24
> clrq1.rcvr.recv({val:63164,tx:16})
< headtail.sndr.send({val:63164,tx:16})
> cl2.request_upd(44952)
= 25
> cl2.request_upd(39559)
= 26
> clrq2.rcvr.recv({val:53029,tx:21})
< headtail.sndr.send({val:53029,tx:21})
> ref.commit(11)
> clrq1.rcvr.recv({val:52275,tx:18})
< headtail.sndr.send({val:52275,tx:18})
> clrq2.rcvr.recv({val:33107,tx:23})
< headtail.sndr.send({val:33107,tx:23})
> clrq2.rcvr.recv({val:44952,tx:25})
< headtail.sndr.send({val:44952,tx:25})
> sysout.sndr.send({val:19902,tx:11})
> cl1.request_upd(1831)
= 27
> clrq2.rcvr.recv({val:39559,tx:26})
< headtail.sndr.send({val:39559,tx:26})
> ref.commit(12)
> clrq1.rcvr.recv({val:63734,tx:20})
< headtail.sndr.send({val:63734,tx:20})
> ref.commit(13)
> ref.commit(14)
> sysout.sndr.send({val:39882,tx:14})
> cl2.request_upd(24236)
= 28
> clrq2.rcvr.recv({val:24236,tx:28})
< headtail.sndr.send({val:24236,tx:28})
> sysout.sndr.send({val:39882,tx:14})
> cl1.request_upd(6169)
= 29
> cl1.request_upd(43731)
= 30
> clrq1.rcvr.recv({val:23529,tx:22})
< headtail.sndr.send({val:23529,tx:22})
> clrq1.rcvr.recv({val:53970,tx:24})
< headtail.sndr.send({val:53970,tx:24})
> clrq1.rcvr.recv({val:1831,tx:27})
< headtail.sndr.send({val:1831,tx:27})
> cl2.request_upd(11390)
= 31
> cl1.request_upd(44417)
= 32
> clrq2.rcvr.recv({val:11390,tx:31})
< headtail.sndr.send({val:11390,tx:31})
> sysout.sndr.send({val:39882,tx:14})
> clrq1.rcvr.recv({val:6169,tx:29})
< headtail.sndr.send({val:6169,tx:29})
> ref.commit(15)
> cl1.request_upd(37360)
= 33
> ref.commit(16)
> cl2.request_upd(9808)
= 34
> cl2.request_upd(45727)
= 35
> sysout.sndr.send({val:63616,tx:16})
> sysout.sndr.send({val:0,tx:0})
> clrq2.rcvr.recv({val:9808,tx:34})
< headtail.sndr.send({val:9808,tx:34})
> ref.commit(17)
> clrq2.rcvr.recv({val:45727,tx:35})
< headtail.sndr.send({val:45727,tx:35})
> ref.commit(18)
> cl2.request_upd(14558)
= 36
> ref.commit(19)
> cl1.request_upd(38683)
= 37
> cl1.request_upd(15629)
= 38
> sysout.sndr.send({val:0,tx:0})
> cl2.request_upd(12003)
= 39
> clrq2.rcvr.recv({val:14558,tx:36})
< headtail.sndr.send({val:14558,tx:36})
> cl1.request_upd(64477)
= 40
> cl2.request_upd(32503)
= 41
> cl2.request_upd(5651)
= 42
> clrq1.rcvr.recv({val:43731,tx:30})
< headtail.sndr.send({val:43731,tx:30})
> clrq2.rcvr.recv({val:12003,tx:39})
< headtail.sndr.send({val:12003,tx:39})
> clrq2.rcvr.recv({val:32503,tx:41})
< headtail.sndr.send({val:32503,tx:41})
> clrq1.rcvr.recv({val:44417,tx:32})
< headtail.sndr.send({val:44417,tx:32})
> cl1.request_upd(64192)
= 43
> ref.commit(20)
> sysout.sndr.send({val:0,tx:0})
> cl1.request_upd(64017)
= 44
> ref.commit(21)
> sysout.sndr.send({val:37552,tx:21})
> ref.commit(22)
> ref.commit(23)
> clrq1.rcvr.recv({val:37360,tx:33})
< headtail.sndr.send({val:37360,tx:33})
> clrq2.rcvr.recv({val:5651,tx:42})
< headtail.sndr.send({val:5651,tx:42})
> cl1.request_upd(27611)
= 45
> cl2.request_upd(28157)
= 46
> cl2.request_upd(25946)
= 47
> clrq2.rcvr.recv({val:28157,tx:46})
< headtail.sndr.send({val:28157,tx:46})
> clrq2.rcvr.recv({val:25946,tx:47})
< headtail.sndr.send({val:25946,tx:47})
> clrq1.rcvr.recv({val:38683,tx:37})
< headtail.sndr.send({val:38683,tx:37})
> ref.commit(24)
> cl1.request_upd(44521)
= 48
> ref.commit(25)
> master.tail_fail
> cl1.request_upd(10989)
= 49
> clrq1.rcvr.recv({val:15629,tx:38})
< sysout.sndr.send({val:12508,tx:38})
assertion_failed("chain3.ivy: line 180: ")
